mode: set
github.com/EstebanGitPro/motogo-backend/core/interactor/services/message_services.go:18.96,23.2 1 1
github.com/EstebanGitPro/motogo-backend/core/interactor/services/message_services.go:26.74,28.2 1 0
github.com/EstebanGitPro/motogo-backend/core/interactor/services/message_services.go:31.93,34.43 2 0
github.com/EstebanGitPro/motogo-backend/core/interactor/services/message_services.go:34.43,37.3 2 0
github.com/EstebanGitPro/motogo-backend/core/interactor/services/message_services.go:40.2,40.22 1 0
github.com/EstebanGitPro/motogo-backend/core/interactor/services/message_services.go:40.22,42.36 2 0
github.com/EstebanGitPro/motogo-backend/core/interactor/services/message_services.go:42.36,45.4 2 0
github.com/EstebanGitPro/motogo-backend/core/interactor/services/message_services.go:48.2,49.12 2 0
github.com/EstebanGitPro/motogo-backend/core/interactor/services/message_services.go:53.98,57.16 3 1
github.com/EstebanGitPro/motogo-backend/core/interactor/services/message_services.go:57.16,60.3 2 0
github.com/EstebanGitPro/motogo-backend/core/interactor/services/message_services.go:62.2,62.20 1 1
github.com/EstebanGitPro/motogo-backend/core/interactor/services/message_services.go:62.20,65.3 2 1
github.com/EstebanGitPro/motogo-backend/core/interactor/services/message_services.go:67.2,68.21 2 1
github.com/EstebanGitPro/motogo-backend/core/interactor/services/message_services.go:72.102,76.16 3 1
github.com/EstebanGitPro/motogo-backend/core/interactor/services/message_services.go:76.16,79.3 2 0
github.com/EstebanGitPro/motogo-backend/core/interactor/services/message_services.go:81.2,82.21 2 1
github.com/EstebanGitPro/motogo-backend/core/interactor/services/message_services.go:86.118,91.16 3 0
github.com/EstebanGitPro/motogo-backend/core/interactor/services/message_services.go:91.16,94.3 2 0
github.com/EstebanGitPro/motogo-backend/core/interactor/services/message_services.go:96.2,97.22 2 0
github.com/EstebanGitPro/motogo-backend/core/interactor/services/message_services.go:101.92,105.16 3 1
github.com/EstebanGitPro/motogo-backend/core/interactor/services/message_services.go:105.16,108.3 2 1
github.com/EstebanGitPro/motogo-backend/core/interactor/services/message_services.go:110.2,111.22 2 1
github.com/EstebanGitPro/motogo-backend/core/interactor/services/message_services.go:115.107,119.16 3 1
github.com/EstebanGitPro/motogo-backend/core/interactor/services/message_services.go:119.16,122.3 2 1
github.com/EstebanGitPro/motogo-backend/core/interactor/services/message_services.go:124.2,125.12 2 1
github.com/EstebanGitPro/motogo-backend/core/interactor/services/message_services.go:129.109,133.16 3 1
github.com/EstebanGitPro/motogo-backend/core/interactor/services/message_services.go:133.16,136.3 2 0
github.com/EstebanGitPro/motogo-backend/core/interactor/services/message_services.go:138.2,139.12 2 1
github.com/EstebanGitPro/motogo-backend/core/interactor/services/message_services.go:143.98,147.16 3 1
github.com/EstebanGitPro/motogo-backend/core/interactor/services/message_services.go:147.16,150.3 2 1
github.com/EstebanGitPro/motogo-backend/core/interactor/services/message_services.go:152.2,153.12 2 1
github.com/EstebanGitPro/motogo-backend/core/interactor/services/person_services.go:19.108,25.2 1 1
github.com/EstebanGitPro/motogo-backend/core/interactor/services/person_services.go:27.94,30.16 3 1
github.com/EstebanGitPro/motogo-backend/core/interactor/services/person_services.go:30.16,33.3 2 1
github.com/EstebanGitPro/motogo-backend/core/interactor/services/person_services.go:34.2,35.20 2 1
github.com/EstebanGitPro/motogo-backend/core/interactor/services/person_services.go:38.88,41.16 3 1
github.com/EstebanGitPro/motogo-backend/core/interactor/services/person_services.go:41.16,44.3 2 1
github.com/EstebanGitPro/motogo-backend/core/interactor/services/person_services.go:45.2,46.20 2 1
github.com/EstebanGitPro/motogo-backend/core/interactor/services/person_services.go:49.66,51.2 1 0
github.com/EstebanGitPro/motogo-backend/core/interactor/services/person_services.go:53.109,61.18 4 1
github.com/EstebanGitPro/motogo-backend/core/interactor/services/person_services.go:61.18,62.56 1 1
github.com/EstebanGitPro/motogo-backend/core/interactor/services/person_services.go:62.56,69.4 2 1
github.com/EstebanGitPro/motogo-backend/core/interactor/services/person_services.go:74.2,81.18 3 1
github.com/EstebanGitPro/motogo-backend/core/interactor/services/person_services.go:81.18,82.56 1 1
github.com/EstebanGitPro/motogo-backend/core/interactor/services/person_services.go:82.56,88.4 2 1
github.com/EstebanGitPro/motogo-backend/core/interactor/services/person_services.go:93.2,96.26 2 1
github.com/EstebanGitPro/motogo-backend/core/interactor/services/person_services.go:96.26,99.3 2 1
github.com/EstebanGitPro/motogo-backend/core/interactor/services/person_services.go:101.2,101.27 1 1
github.com/EstebanGitPro/motogo-backend/core/interactor/services/person_services.go:101.27,108.3 2 1
github.com/EstebanGitPro/motogo-backend/core/interactor/services/person_services.go:110.2,110.27 1 1
github.com/EstebanGitPro/motogo-backend/core/interactor/services/person_services.go:110.27,117.3 2 1
github.com/EstebanGitPro/motogo-backend/core/interactor/services/person_services.go:119.2,124.8 3 1
github.com/EstebanGitPro/motogo-backend/core/interactor/services/person_services.go:127.96,130.16 3 1
github.com/EstebanGitPro/motogo-backend/core/interactor/services/person_services.go:130.16,133.3 2 1
github.com/EstebanGitPro/motogo-backend/core/interactor/services/person_services.go:134.2,135.12 2 1
github.com/EstebanGitPro/motogo-backend/core/interactor/services/person_services.go:138.99,142.16 3 1
github.com/EstebanGitPro/motogo-backend/core/interactor/services/person_services.go:142.16,144.52 1 1
github.com/EstebanGitPro/motogo-backend/core/interactor/services/person_services.go:144.52,150.4 2 0
github.com/EstebanGitPro/motogo-backend/core/interactor/services/person_services.go:152.3,153.50 2 1
github.com/EstebanGitPro/motogo-backend/core/interactor/services/person_services.go:156.2,157.20 2 1
github.com/EstebanGitPro/motogo-backend/core/interactor/services/person_services.go:160.93,163.16 3 1
github.com/EstebanGitPro/motogo-backend/core/interactor/services/person_services.go:163.16,166.3 2 1
github.com/EstebanGitPro/motogo-backend/core/interactor/services/person_services.go:167.2,168.12 2 1
github.com/EstebanGitPro/motogo-backend/core/interactor/services/person_services.go:171.88,174.16 3 1
github.com/EstebanGitPro/motogo-backend/core/interactor/services/person_services.go:174.16,177.3 2 1
github.com/EstebanGitPro/motogo-backend/core/interactor/services/person_services.go:178.2,179.12 2 1
github.com/EstebanGitPro/motogo-backend/core/interactor/services/person_services.go:182.122,185.16 3 1
github.com/EstebanGitPro/motogo-backend/core/interactor/services/person_services.go:185.16,188.3 2 1
github.com/EstebanGitPro/motogo-backend/core/interactor/services/person_services.go:189.2,190.12 2 1
github.com/EstebanGitPro/motogo-backend/core/interactor/services/person_services.go:193.77,196.16 3 1
github.com/EstebanGitPro/motogo-backend/core/interactor/services/person_services.go:196.16,199.3 2 1
github.com/EstebanGitPro/motogo-backend/core/interactor/services/person_services.go:200.2,201.12 2 1
github.com/EstebanGitPro/motogo-backend/core/interactor/services/person_services.go:204.89,207.16 3 1
github.com/EstebanGitPro/motogo-backend/core/interactor/services/person_services.go:207.16,210.3 2 1
github.com/EstebanGitPro/motogo-backend/core/interactor/services/person_services.go:211.2,212.12 2 1
github.com/EstebanGitPro/motogo-backend/core/interactor/services/person_services.go:215.90,227.56 6 0
github.com/EstebanGitPro/motogo-backend/core/interactor/services/person_services.go:227.56,228.27 1 0
github.com/EstebanGitPro/motogo-backend/core/interactor/services/person_services.go:228.27,230.4 1 0
github.com/EstebanGitPro/motogo-backend/core/interactor/services/person_services.go:230.9,232.4 1 0
github.com/EstebanGitPro/motogo-backend/core/interactor/services/person_services.go:233.3,233.13 1 0
github.com/EstebanGitPro/motogo-backend/core/interactor/services/person_services.go:237.2,241.33 1 0
github.com/EstebanGitPro/motogo-backend/core/interactor/services/person_services.go:241.33,242.16 1 0
github.com/EstebanGitPro/motogo-backend/core/interactor/services/person_services.go:242.16,244.5 1 0
github.com/EstebanGitPro/motogo-backend/core/interactor/services/person_services.go:245.4,245.16 1 0
github.com/EstebanGitPro/motogo-backend/core/interactor/services/person_services.go:247.31,248.16 1 0
github.com/EstebanGitPro/motogo-backend/core/interactor/services/person_services.go:248.16,250.5 1 0
github.com/EstebanGitPro/motogo-backend/core/interactor/services/person_services.go:251.4,251.16 1 0
github.com/EstebanGitPro/motogo-backend/core/interactor/services/person_services.go:255.2,255.27 1 0
github.com/EstebanGitPro/motogo-backend/core/interactor/services/person_services.go:255.27,262.70 2 0
github.com/EstebanGitPro/motogo-backend/core/interactor/services/person_services.go:262.70,269.4 2 0
github.com/EstebanGitPro/motogo-backend/core/interactor/services/person_services.go:271.3,275.13 2 0
github.com/EstebanGitPro/motogo-backend/core/interactor/services/person_services.go:279.2,279.27 1 0
github.com/EstebanGitPro/motogo-backend/core/interactor/services/person_services.go:279.27,286.76 2 0
github.com/EstebanGitPro/motogo-backend/core/interactor/services/person_services.go:286.76,293.4 2 0
github.com/EstebanGitPro/motogo-backend/core/interactor/services/person_services.go:295.3,299.13 2 0
github.com/EstebanGitPro/motogo-backend/core/interactor/services/person_services.go:302.2,302.12 1 0
github.com/EstebanGitPro/motogo-backend/core/interactor/services/person_services.go:308.40,309.16 1 1
github.com/EstebanGitPro/motogo-backend/core/interactor/services/person_services.go:309.16,311.3 1 0
github.com/EstebanGitPro/motogo-backend/core/interactor/services/person_services.go:312.2,318.50 2 1
github.com/EstebanGitPro/motogo-backend/core/interactor/services/person_services.go:322.37,323.16 1 1
github.com/EstebanGitPro/motogo-backend/core/interactor/services/person_services.go:323.16,325.3 1 0
github.com/EstebanGitPro/motogo-backend/core/interactor/services/person_services.go:326.2,329.48 2 1
github.com/EstebanGitPro/motogo-backend/core/interactor/services/person_services.go:333.38,335.43 1 1
github.com/EstebanGitPro/motogo-backend/core/interactor/services/person_services.go:335.43,337.36 2 1
github.com/EstebanGitPro/motogo-backend/core/interactor/services/person_services.go:337.36,341.30 3 1
github.com/EstebanGitPro/motogo-backend/core/interactor/services/person_services.go:341.30,343.5 1 0
github.com/EstebanGitPro/motogo-backend/core/interactor/services/person_services.go:344.4,344.30 1 1
github.com/EstebanGitPro/motogo-backend/core/interactor/services/person_services.go:344.30,346.5 1 0
github.com/EstebanGitPro/motogo-backend/core/interactor/services/person_services.go:347.4,347.16 1 1
github.com/EstebanGitPro/motogo-backend/core/interactor/services/person_services.go:347.16,349.10 2 1
github.com/EstebanGitPro/motogo-backend/core/interactor/services/person_services.go:352.3,352.12 1 1
github.com/EstebanGitPro/motogo-backend/core/interactor/services/person_services.go:352.12,354.4 1 1
github.com/EstebanGitPro/motogo-backend/core/interactor/services/person_services.go:356.2,356.14 1 1
